32 32
@@@@@@@@@@@@@@@@@@@@@@@@@@@@@@@@
@...................@....@......
@...................@....@......
@...................@....@......
@...................@....@......
@....@@@@@@....@@@@@@....@@@@@@.
@.........@.....................
@.........@.....................
@.........@.....................
@.........@.....................
@@@@@@@@@@@@@@@@....@....@@@@@@@
@...................@....@......
@...................@....@......
@...................@....@......
@...................@....@......
@....@@@@@@@@@@@@@@@@@@@@@....@.
@.............................@.
@.............................@.
@.............................@.
@.............................@.
@....@@@@@@@@@@@@@@@@....@@@@@@@
@.........@....@.........@......
@.........@....@.........@......
@.........@....@.........@......
@.........@....@.........@......
@....@....@....@@@@@@@@@@@@@@@@.
@....@....@.....................
@....@....@.....................
@....@....@.....................
@....@....@.....................
@@@@@@....@@@@@@@@@@@@@@@@....@.
@.............................@.
9
17 2 11 14
8 26 12 17
5 13 19 17
7 18 7 31
19 2 13 14
8 28 25 31
13 2 7 9
16 22 27 11
14 19 9 11
