32 32
@@@@@@@@@@@@@@@@@@@@@@@@@@@@@@@@
@...................@....@......
@...................@....@......
@...................@....@......
@...................@....@......
@....@@@@@@....@@@@@@....@@@@@@.
@.........@.....................
@.........@.....................
@.........@.....................
@.........@.....................
@@@@@@@@@@@@@@@@....@....@@@@@@@
@...................@....@......
@...................@....@......
@...................@....@......
@...................@....@......
@....@@@@@@@@@@@@@@@@@@@@@....@.
@.............................@.
@.............................@.
@.............................@.
@.............................@.
@....@@@@@@@@@@@@@@@@....@@@@@@@
@.........@....@.........@......
@.........@....@.........@......
@.........@....@.........@......
@.........@....@.........@......
@....@....@....@@@@@@@@@@@@@@@@.
@....@....@.....................
@....@....@.....................
@....@....@.....................
@....@....@.....................
@@@@@@....@@@@@@@@@@@@@@@@....@.
@.............................@.
10
21 17 11 21
18 21 13 27
14 22 24 21
20 22 12 25
23 24 12 27
31 16 31 31
27 4 23 31
26 31 4 7
20 29 26 7
21 5 18 26
