32 32
@@@@@@@@@@@@@@@@@@@@@@@@@@@@@@@@
@...................@....@......
@...................@....@......
@...................@....@......
@...................@....@......
@....@@@@@@....@@@@@@....@@@@@@.
@.........@.....................
@.........@.....................
@.........@.....................
@.........@.....................
@@@@@@@@@@@@@@@@....@....@@@@@@@
@...................@....@......
@...................@....@......
@...................@....@......
@...................@....@......
@....@@@@@@@@@@@@@@@@@@@@@....@.
@.............................@.
@.............................@.
@.............................@.
@.............................@.
@....@@@@@@@@@@@@@@@@....@@@@@@@
@.........@....@.........@......
@.........@....@.........@......
@.........@....@.........@......
@.........@....@.........@......
@....@....@....@@@@@@@@@@@@@@@@.
@....@....@.....................
@....@....@.....................
@....@....@.....................
@....@....@.....................
@@@@@@....@@@@@@@@@@@@@@@@....@.
@.............................@.
10
31 12 24 6
15 18 18 28
4 9 4 31
7 3 16 22
31 9 20 22
24 4 31 13
5 3 27 14
28 27 21 19
29 30 18 12
26 24 7 12
