32 32
@@@@@@@@@@@@@@@@@@@@@@@@@@@@@@@@
@...................@....@......
@...................@....@......
@...................@....@......
@...................@....@......
@....@@@@@@....@@@@@@....@@@@@@.
@.........@.....................
@.........@.....................
@.........@.....................
@.........@.....................
@@@@@@@@@@@@@@@@....@....@@@@@@@
@...................@....@......
@...................@....@......
@...................@....@......
@...................@....@......
@....@@@@@@@@@@@@@@@@@@@@@....@.
@.............................@.
@.............................@.
@.............................@.
@.............................@.
@....@@@@@@@@@@@@@@@@....@@@@@@@
@.........@....@.........@......
@.........@....@.........@......
@.........@....@.........@......
@.........@....@.........@......
@....@....@....@@@@@@@@@@@@@@@@.
@....@....@.....................
@....@....@.....................
@....@....@.....................
@....@....@.....................
@@@@@@....@@@@@@@@@@@@@@@@....@.
@.............................@.
10
14 7 31 22
19 21 29 21
11 2 29 27
9 2 25 29
28 29 8 1
27 31 5 2
22 29 23 3
29 26 21 13
11 27 18 14
26 2 28 12
