32 32
@@@@@@@@@@@@@@@@@@@@@@@@@@@@@@@@
@...................@....@......
@...................@....@......
@...................@....@......
@...................@....@......
@....@@@@@@....@@@@@@....@@@@@@.
@.........@.....................
@.........@.....................
@.........@.....................
@.........@.....................
@@@@@@@@@@@@@@@@....@....@@@@@@@
@...................@....@......
@...................@....@......
@...................@....@......
@...................@....@......
@....@@@@@@@@@@@@@@@@@@@@@....@.
@.............................@.
@.............................@.
@.............................@.
@.............................@.
@....@@@@@@@@@@@@@@@@....@@@@@@@
@.........@....@.........@......
@.........@....@.........@......
@.........@....@.........@......
@.........@....@.........@......
@....@....@....@@@@@@@@@@@@@@@@.
@....@....@.....................
@....@....@.....................
@....@....@.....................
@....@....@.....................
@@@@@@....@@@@@@@@@@@@@@@@....@.
@.............................@.
10
24 31 18 7
5 3 27 14
11 18 26 24
26 24 7 12
25 31 20 8
24 4 31 13
1 2 22 17
31 12 24 6
15 18 18 28
13 22 8 16
